Thread config: OMP=4 MKL=4 TORCH=4
Activated: actinf-py-scripts (by name)

PyTorch stack verification:
  torch 2.10.0+cu128 | pyro 1.9.1 | torchdiffeq 0.2.5
  zuko 1.6.0 | scipy 1.14.1
  CUDA available: False
════════════════════════════════════════════════════════
  Phase 23 BMR vs ELBO Validation
════════════════════════════════════════════════════════
  Job ID:     55772080
  Job name:   bmr_vs_elbo
  Node:       m3s117
  Partition:  comp
  CPUs:       4
  Commit:     64e326f
  Start:      Sun May 31 06:39:20 AM AEST 2026
════════════════════════════════════════════════════════

============================= test session starts ==============================
platform linux -- Python 3.10.20, pytest-9.0.3, pluggy-1.6.0 -- /scratch/fc37/aman0087/conda/envs/actinf-py-scripts/bin/python
cachedir: .pytest_cache
rootdir: /fs04/fc37/adam/projects/dcm_pytorch
configfile: pyproject.toml
collecting ... collected 1 item

tests/test_bmr_vs_elbo.py::test_bmr_agrees_with_elbo_ranking 
Data: T=20, N=3
Full model ELBO (neg): 69.11
  prune_2to0: ELBO=69.11
  prune_0to1: ELBO=69.11
  prune_both_absent: ELBO=69.11

=== BMR Scores (delta_F, higher = better) ===
  full_model: 0.0000
  prune_2to0: -18.7279
  prune_both_absent: -107.3763
  prune_0to1: -125.8933

=== ELBO Scores (negative ELBO, lower = better) ===
  prune_both_absent: 69.1078
  prune_0to1: 69.1078
  full_model: 69.1078
  prune_2to0: 69.1078

=== ELBO Delta (positive = better than full) ===
  prune_both_absent: 0.0000
  prune_0to1: 0.0000
  full_model: 0.0000
  prune_2to0: -0.0000

BMR time:  1.236s
ELBO time: 17.017s
Speedup:   14x
Total time: 54.7s
FAILED

=================================== FAILURES ===================================
______________________ test_bmr_agrees_with_elbo_ranking _______________________

    @pytest.mark.slow
    def test_bmr_agrees_with_elbo_ranking() -> None:
        """BMR ranking agrees with brute-force ELBO ranking.
    
        Generates a 3-region latent circuit with known connectivity:
        connections 0->1 and 1->2 present, 2->0 absent. Fits a full model
        (all A connections free), then uses BMR to score single-connection
        reductions. Independently fits each reduced model via SVI. Asserts
        that BMR and ELBO agree on direction.
    
        Timing constraint: duration=1.0, dt=0.05 (T=20 timepoints),
        num_steps=300 per fit. Total ~2 min on laptop.
        """
        total_start = time.perf_counter()
    
        # ---------------------------------------------------------------
        # 1. Generate synthetic data -- SMALL for speed
        # ---------------------------------------------------------------
        torch.manual_seed(42)
        pyro.set_rng_seed(42)
        pyro.clear_param_store()
    
        N = 3
    
        # Ground-truth A with known connectivity:
        #   connection 0->1 (A[1,0]): present, strength 0.3
        #   connection 1->2 (A[2,1]): present, strength 0.25
        #   connection 2->0 (A[0,2]): ABSENT (zero)
        # Self-connections are always present (negative diagonal).
        A_true = torch.zeros(N, N, dtype=torch.float64)
        A_true[0, 0] = -1.0
        A_true[1, 1] = -1.0
        A_true[2, 2] = -1.0
        A_true[1, 0] = 0.3   # 0 -> 1
        A_true[2, 1] = 0.25  # 1 -> 2
        # A_true[0, 2] = 0.0  # 2 -> 0 absent (already zero)
    
        C_true = torch.zeros(N, 1, dtype=torch.float64)
        C_true[0, 0] = 0.5
    
        # Short stimulus: 2 blocks of 0.2s ON / 0.2s OFF
        stim = make_block_stimulus(
            n_blocks=2, block_duration=0.2, rest_duration=0.2,
        )
    
        # Simulate with high SNR, SHORT duration for speed
        sim = simulate_latent_circuit(
            A_true, C_true, stim,
            duration=1.0, dt=0.05,
            SNR=10.0, seed=42,
        )
        assert not sim["simulation_diverged"], "Simulation diverged"
    
        observed_traj = sim["trajectories"]   # shape (T, N), T=20
        t_eval = sim["times"]                 # shape (T,)
        stimulus_fn = sim["stimulus"]         # PiecewiseConstantInput
    
        print(f"\nData: T={observed_traj.shape[0]}, N={N}")
    
        # ---------------------------------------------------------------
        # 2. Fit FULL model (all A connections free)
        # ---------------------------------------------------------------
        a_mask_full = torch.ones(N, N, dtype=torch.float64)
        c_mask = torch.zeros(N, 1, dtype=torch.float64)
        c_mask[0, 0] = 1.0
    
        model_args_full = (
            observed_traj, stimulus_fn, a_mask_full, c_mask, t_eval, 0.05,
        )
    
        num_steps = 300
    
        torch.manual_seed(42)
        pyro.set_rng_seed(42)
        pyro.clear_param_store()
    
        guide_full = create_guide(
            latent_circuit_dcm_model,
            guide_type="auto_normal",
            init_scale=0.01,
        )
        svi_result_full = run_svi(
            latent_circuit_dcm_model,
            guide_full,
            model_args=model_args_full,
            num_steps=num_steps,
            lr=0.01,
        )
        full_elbo = svi_result_full["final_loss"]
        print(f"Full model ELBO (neg): {full_elbo:.2f}")
    
        # ---------------------------------------------------------------
        # 3. Extract posterior mean/cov for BMR (A_free only)
        # ---------------------------------------------------------------
        n_a = N * N  # 9 A_free parameters
        posterior_mean, posterior_cov = _build_posterior_from_autonormal(n_a)
        prior_mean, prior_cov = _build_prior_for_a_free(n_a)
    
        # ---------------------------------------------------------------
        # 4. Define reduced architectures (single-connection pruning)
        # ---------------------------------------------------------------
        # A_free[i,j] -> flat index = i*N + j
        # Connection j->i maps to A[i,j]
        idx_2to0 = _a_index(0, 2, N)  # A[0,2], connection 2->0 (ABSENT)
        idx_0to1 = _a_index(1, 0, N)  # A[1,0], connection 0->1 (PRESENT)
        idx_0to2 = _a_index(2, 0, N)  # A[2,0], connection 0->2 (ABSENT)
    
        models = {
            "prune_2to0": {
                "description": "Prune truly-absent 2->0 (A[0,2])",
                "prune_indices": [idx_2to0],
                "a_mask": a_mask_full.clone(),
            },
            "prune_0to1": {
                "description": "Prune truly-present 0->1 (A[1,0])",
                "prune_indices": [idx_0to1],
                "a_mask": a_mask_full.clone(),
            },
            "prune_both_absent": {
                "description": "Prune two absent: 2->0, 0->2",
                "prune_indices": [idx_2to0, idx_0to2],
                "a_mask": a_mask_full.clone(),
            },
        }
        # Set up a_masks for brute-force ELBO fits
        models["prune_2to0"]["a_mask"][0, 2] = 0.0
        models["prune_0to1"]["a_mask"][1, 0] = 0.0
        models["prune_both_absent"]["a_mask"][0, 2] = 0.0
        models["prune_both_absent"]["a_mask"][2, 0] = 0.0
    
        # ---------------------------------------------------------------
        # 5. BMR scoring (analytical -- milliseconds)
        # ---------------------------------------------------------------
        bmr_start = time.perf_counter()
        bmr_scores: dict[str, float] = {}
        for name, spec in models.items():
            reduced_mean, reduced_cov = make_reduced_prior_zero_connection(
                prior_mean, prior_cov, spec["prune_indices"],
            )
            delta_f, _, _ = bayesian_model_reduction(
                posterior_mean,
                posterior_cov,
                prior_mean,
                prior_cov,
                reduced_mean,
                reduced_cov,
            )
            bmr_scores[name] = delta_f
        bmr_time = time.perf_counter() - bmr_start
    
        # Add full model baseline
        bmr_scores["full_model"] = 0.0
    
        # ---------------------------------------------------------------
        # 6. Brute-force ELBO: fit each reduced model independently
        # ---------------------------------------------------------------
        elbo_start = time.perf_counter()
        elbo_scores: dict[str, float] = {}
        elbo_scores["full_model"] = full_elbo
    
        for name, spec in models.items():
            torch.manual_seed(42)
            pyro.set_rng_seed(42)
            pyro.clear_param_store()
    
            reduced_a_mask = spec["a_mask"]
            model_args_reduced = (
                observed_traj, stimulus_fn, reduced_a_mask, c_mask,
                t_eval, 0.05,
            )
            guide_reduced = create_guide(
                latent_circuit_dcm_model,
                guide_type="auto_normal",
                init_scale=0.01,
            )
            svi_result_reduced = run_svi(
                latent_circuit_dcm_model,
                guide_reduced,
                model_args=model_args_reduced,
                num_steps=num_steps,
                lr=0.01,
            )
            elbo_scores[name] = svi_result_reduced["final_loss"]
            print(f"  {name}: ELBO={svi_result_reduced['final_loss']:.2f}")
    
        elbo_time = time.perf_counter() - elbo_start
    
        # ---------------------------------------------------------------
        # 7. Compare rankings
        # ---------------------------------------------------------------
        print("\n=== BMR Scores (delta_F, higher = better) ===")
        for name in sorted(bmr_scores, key=lambda k: bmr_scores[k], reverse=True):
            print(f"  {name}: {bmr_scores[name]:.4f}")
    
        print("\n=== ELBO Scores (negative ELBO, lower = better) ===")
        for name in sorted(elbo_scores, key=lambda k: elbo_scores[k]):
            print(f"  {name}: {elbo_scores[name]:.4f}")
    
        # Convert ELBO to delta: lower neg-ELBO is better,
        # so delta = -(ELBO_reduced - ELBO_full) = ELBO_full - ELBO_reduced
        # Positive delta_elbo means reduced model is better.
        elbo_deltas: dict[str, float] = {}
        for name in models:
            elbo_deltas[name] = full_elbo - elbo_scores[name]
        elbo_deltas["full_model"] = 0.0
    
        elbo_ranking = sorted(
            elbo_deltas.keys(),
            key=lambda k: elbo_deltas[k],
            reverse=True,
        )
    
        print("\n=== ELBO Delta (positive = better than full) ===")
        for name in elbo_ranking:
            print(f"  {name}: {elbo_deltas[name]:.4f}")
    
        print(f"\nBMR time:  {bmr_time:.3f}s")
        print(f"ELBO time: {elbo_time:.3f}s")
        print(f"Speedup:   {elbo_time / max(bmr_time, 1e-6):.0f}x")
    
        total_time = time.perf_counter() - total_start
        print(f"Total time: {total_time:.1f}s")
    
        # --- Assertion 1: BMR relative ordering ---
        # Pruning an absent connection should cost LESS evidence than
        # pruning a present one. With SVI posteriors that place mass away
        # from zero on all elements, ALL reductions may reduce evidence
        # (negative delta_F). The key test is RELATIVE ordering.
        assert bmr_scores["prune_2to0"] > bmr_scores["prune_0to1"], (
            f"BMR should penalize pruning absent (2->0) LESS than present "
            f"(0->1): {bmr_scores['prune_2to0']:.2f} vs "
            f"{bmr_scores['prune_0to1']:.2f}"
        )
    
        # --- Assertion 2: ELBO relative ordering ---
        # Pruning a present connection should hurt ELBO more than pruning
        # an absent one.
>       assert elbo_deltas["prune_2to0"] > elbo_deltas["prune_0to1"], (
            f"ELBO should penalize pruning absent LESS than present: "
            f"{elbo_deltas['prune_2to0']:.4f} vs "
            f"{elbo_deltas['prune_0to1']:.4f}"
        )
E       AssertionError: ELBO should penalize pruning absent LESS than present: -0.0000 vs 0.0000
E       assert -9.606981024035122e-07 > 1.1000156519003212e-07

tests/test_bmr_vs_elbo.py:354: AssertionError
=========================== short test summary info ============================
FAILED tests/test_bmr_vs_elbo.py::test_bmr_agrees_with_elbo_ranking - Asserti...
========================= 1 failed in 62.73s (0:01:02) =========================

BMR VS ELBO TEST FAILED (exit 1)
