Thread config: OMP=4 MKL=4 TORCH=4
Activated: actinf-py-scripts (by name)

PyTorch stack verification:
  torch 2.10.0+cu128 | pyro 1.9.1 | torchdiffeq 0.2.5
  zuko 1.6.0 | scipy 1.14.1
  CUDA available: False
════════════════════════════════════════════════════════
  Phase 23 BMR vs ELBO Validation
════════════════════════════════════════════════════════
  Job ID:     55772525
  Job name:   bmr_vs_elbo
  Node:       m3s117
  Partition:  comp
  CPUs:       4
  Commit:     a064e69
  Start:      Sun May 31 07:32:32 AM AEST 2026
════════════════════════════════════════════════════════

============================= test session starts ==============================
platform linux -- Python 3.10.20, pytest-9.0.3, pluggy-1.6.0 -- /scratch/fc37/aman0087/conda/envs/actinf-py-scripts/bin/python
cachedir: .pytest_cache
rootdir: /fs04/fc37/adam/projects/dcm_pytorch
configfile: pyproject.toml
collecting ... collected 1 item

tests/test_bmr_vs_elbo.py::test_bmr_agrees_with_elbo_ranking 
Data: T=60, N=3
Full model ELBO (neg): 78.83
  prune_2to0: ELBO=78.83
  prune_0to1: ELBO=78.87
  prune_both_absent: ELBO=78.83

=== BMR Scores (delta_F, higher = better) ===
  full_model: 0.0000
  prune_2to0: -115.8571
  prune_both_absent: -2579.9357
  prune_0to1: -182293.5507

=== ELBO Scores (negative ELBO, lower = better) ===
  prune_both_absent: 78.8290
  prune_2to0: 78.8309
  full_model: 78.8310
  prune_0to1: 78.8657

=== ELBO Delta (positive = better than full) ===
  prune_both_absent: 0.0020
  prune_2to0: 0.0002
  full_model: 0.0000
  prune_0to1: -0.0347

BMR time:  0.936s
ELBO time: 86.779s
Speedup:   93x
Total time: 144.3s

BMR is 93x faster than ELBO
PASSED

======================== 1 passed in 151.69s (0:02:31) =========================

BMR VS ELBO TEST PASSED (exit 0)
