2026-05-31 10:11:11,253 __main__ INFO: Generating 1000 training + 50 test examples (N=4, M=1, duration=5.0, dt=0.010)...
2026-05-31 10:12:24,061 __main__ INFO: Dataset: 1000 train, 50 test examples.
2026-05-31 10:12:24,725 __main__ INFO: Packer: total_dim=25, standardization fitted.
2026-05-31 10:12:24,779 __main__ INFO: Encoder: 37778 parameters.
2026-05-31 10:12:24,779 __main__ INFO: Training: 200 epochs, 40 warmup, lr=1.0e-03...
2026-05-31 10:15:39,886 pyro_dcm.models.hybrid_vae_dcm INFO: Epoch 1/200  beta=0.001  loss=-8.6944  (1000/1000 valid)
2026-05-31 11:06:20,469 pyro_dcm.models.hybrid_vae_dcm INFO: Epoch 20/200  beta=0.475  loss=-2.9757  (1000/1000 valid)
2026-05-31 11:58:23,407 pyro_dcm.models.hybrid_vae_dcm INFO: Epoch 40/200  beta=0.975  loss=113.5943  (1000/1000 valid)
2026-05-31 12:50:30,903 pyro_dcm.models.hybrid_vae_dcm INFO: Epoch 60/200  beta=1.000  loss=80.0357  (1000/1000 valid)
2026-05-31 13:42:37,234 pyro_dcm.models.hybrid_vae_dcm INFO: Epoch 80/200  beta=1.000  loss=1808.8560  (1000/1000 valid)
2026-05-31 14:34:46,918 pyro_dcm.models.hybrid_vae_dcm INFO: Epoch 100/200  beta=1.000  loss=118003131.7699  (1000/1000 valid)
2026-05-31 15:27:13,598 pyro_dcm.models.hybrid_vae_dcm INFO: Epoch 120/200  beta=1.000  loss=293.3372  (1000/1000 valid)
2026-05-31 16:19:12,916 pyro_dcm.models.hybrid_vae_dcm INFO: Epoch 140/200  beta=1.000  loss=81832837.3160  (1000/1000 valid)
2026-05-31 17:11:12,095 pyro_dcm.models.hybrid_vae_dcm INFO: Epoch 160/200  beta=1.000  loss=231.8386  (1000/1000 valid)
2026-05-31 18:03:21,108 pyro_dcm.models.hybrid_vae_dcm INFO: Epoch 180/200  beta=1.000  loss=197.9745  (1000/1000 valid)
2026-05-31 18:55:27,155 pyro_dcm.models.hybrid_vae_dcm INFO: Epoch 200/200  beta=1.000  loss=165.7820  (1000/1000 valid)
2026-05-31 18:55:27,177 __main__ INFO: Training complete in 31382.4 seconds.
2026-05-31 18:55:32,561 __main__ INFO: Training loss curve saved: results/hybrid_vae_dcm/training_loss.png
2026-05-31 18:55:33,807 __main__ INFO: Encoder checkpoint saved: results/hybrid_vae_dcm/encoder_checkpoint.pt
2026-05-31 18:55:33,807 __main__ INFO: Evaluating recovery on 50 test examples...
2026-05-31 18:55:34,152 __main__ INFO: Recovery report saved: results/hybrid_vae_dcm/recovery_report.json
2026-05-31 18:55:34,152 __main__ INFO: Done. Output dir: results/hybrid_vae_dcm
